2
\\52.2.12.200\avc\original\AVC_MP\ALLEGRO\Allegro_SMALLRES_CABAC_00_L22_CIF_10.2.26l               0
\\52.2.12.200\avc\original\AVC_MP\ALLEGRO\Allegro_SMALLRES_CABAC_00_L22_CIF_10.2.26l               0
7072
\\52.2.12.200\avc\original\AVC_MP\ALLEGRO\Allegro_FUNNY_B_00_5x6_10.2.26l                          0
\\52.2.12.200\avc\original\AVC_HP\ALLEGRO\Allegro_Combined_CABAC_H00_L41_HD_10.0.26l            0
\\52.2.12.200\avc\original\AVC_MP\ALLEGRO\Allegro_SMALLRES_CABAC_00_L22_CIF_10.2.26l               0


\\52.2.12.200\avc\original



\\52.2.12.200\vp8\original\video-clip\youtube_clips\China_TV_Show_624x360.ivf                         11
\\52.2.12.200\vp8\original\video-clip\youtube_clips\China_TV_Show_624x360.ivf                         11
\\52.2.12.200\avc\original\AVC_MP\ALLEGRO\Allegro_SMALLRES_CABAC_00_L22_CIF_10.2.26l               0
\\52.2.12.200\avc\original\AVC_MP\ALLEGRO\Allegro_FUNNY_B_00_5x6_10.2.26l                              0
\\52.2.12.200\avc\original\AVC_BP\ALLEGRO\Allegro_Intra_CAVLC_B02_L30_5x6_6.1.26l	                     0
\\52.2.12.200\avc\original\AVC_BP\ALLEGRO\Allegro_LOOP_RESIDUAL_CAVLC_B01_L30_SD576_6.1.26l            0
\\52.2.12.200\avc\original\AVC_HP\ALLEGRO\Allegro_SmallRes_CAVLC_H00_L21_SR_10.2.26l                   0
\\52.2.12.200\avc\original\AVC_MP\ALLEGRO\Allegro_SMALLRES_CABAC_00_L22_CIF_10.2.26l                   0
\\52.2.12.200\avc\original\AVC_HP\ALLEGRO\Allegro_Combined_CAVLC_H02_L41_5x6_10.0.26l                  0
\\52.2.12.200\avc\original\AVC_BP\ALLEGRO\Allegro_Reordering_CAVLC_B00_L30_5x6_6.1.26l                 0
\\52.2.12.200\vp8\original\vp8-test-vectors-0.9.2\vp80-01-intra-1417.ivf                               11
\\52.2.12.200\avc\original\ALLEGRO_0807\ALLEGRO_BP\Allegro_PROCESSING_CAVLC_B01_L30_5x6@25Hz_10.0.26l  0
\\52.2.12.200\avc\original\ALLEGRO_0807\ALLEGRO_HP\Allegro_Inter_CABAC_H01_L30_SD480_10.5.26l          0
\\52.2.12.200\vp8\original\vp8-test-vectors-r1\vp80-00-comprehensive-009.ivf                           11
\\52.2.12.200\avc\original\ALLEGRO_0807\ALLEGRO_MP\Allegro_BdWidth_CABAC_05_L41_5x6_10.1.26l           0
\\52.2.12.200\avc\original\ALLEGRO_0807\ALLEGRO_MP\Allegro_MMCO_CABAC_01_5x6_10.3.26l                  0

15
\\52.2.12.200\avc\original\ALLEGRO_0807\ALLEGRO_BP\Allegro_PROCESSING_CAVLC_B01_L30_5x6@25Hz_10.0.26l  0
\\52.2.12.200\avc\original\ALLEGRO_0807\ALLEGRO_HP\Allegro_Inter_CABAC_H01_L30_SD480_10.5.26l          0
\\52.2.12.200\vp8\original\vp8-test-vectors-r1\vp80-00-comprehensive-009.ivf                           11
\\52.2.12.200\avc\original\ALLEGRO_0807\ALLEGRO_MP\Allegro_BdWidth_CABAC_05_L41_5x6_10.1.26l           0
\\52.2.12.200\avc\original\ALLEGRO_0807\ALLEGRO_MP\Allegro_MMCO_CABAC_01_5x6_10.3.26l                  0
\\52.2.12.200\avc\original\AVC_BP\CNM\CnM_QCIF_FMO_RASTER.264                                          0
\\52.2.12.200\vp8\original\vp8-test-vectors-0.9.2\vp80-01-intra-1400.ivf                               11
\\52.2.12.200\avc\original\AVC_MP\ALLEGRO\Allegro_FUNNY_B_00_5x6_10.2.26l                              0
\\52.2.12.200\avc\original\AVC_BP\ALLEGRO\Allegro_Intra_CAVLC_B02_L30_5x6_6.1.26l	                     0
\\52.2.12.200\avc\original\AVC_BP\ALLEGRO\Allegro_LOOP_RESIDUAL_CAVLC_B01_L30_SD576_6.1.26l            0
\\52.2.12.200\avc\original\AVC_HP\ALLEGRO\Allegro_SmallRes_CAVLC_H00_L21_SR_10.2.26l                   0
\\52.2.12.200\vp8\original\vp8-test-vectors-0.9.2\vp80-05-sharpness-1438.ivf                           11
\\52.2.12.200\avc\original\AVC_MP\ALLEGRO\Allegro_SMALLRES_CABAC_00_L22_CIF_10.2.26l                   0
\\52.2.12.200\vp8\original\vp8-test-vectors-0.9.2\vp80-05-sharpness-1438.ivf                           11
\\52.2.12.200\avc\original\AVC_HP\ALLEGRO\Allegro_Combined_CAVLC_H02_L41_5x6_10.0.26l                  0
\\52.2.12.200\avc\original\AVC_BP\ALLEGRO\Allegro_Reordering_CAVLC_B00_L30_5x6_6.1.26l                 0


12
\\52.2.12.200\vp8\original\vp8-test-vectors-r1\vp80-00-comprehensive-009.ivf                                                      11
\\52.2.12.200\tho\original\cnm_clips_set1\LSF_Vocab_avocat_288x208.tho                                9
\\52.2.12.200\avc\original\ALLEGRO_0807\ALLEGRO_MP\Allegro_BdWidth_CABAC_05_L41_5x6_10.1.26l                                      0
\\52.2.12.200\tho\original\cnm_clips_set1\Test_test-testffmpeg2theoraogg758_320x240.tho               9
\\52.2.12.200\vp8\original\vp8-test-vectors-0.9.2\vp80-01-intra-1400.ivf                                                          11
\\52.2.12.200\tho\original\cnm_clips_set1\Firefox_volume_control_bug_in_Wikimedia_384x188.tho         9
\\52.2.12.200\avc\original\ALLEGRO_0807\ALLEGRO_BP\Allegro_SMALLRES_CAVLC_B00_L22_CIF_10.0.26l                                    0
\\52.2.12.200\vp8\original\vp8-test-vectors-0.9.2\vp80-05-sharpness-1438.ivf                                                      11
\\52.2.12.200\tho\original\cnm_clips_set1\Bulist-TheoraCows631_414x214.tho                            9
\\52.2.12.200\vp8\original\vp8-test-vectors-0.9.2\vp80-05-sharpness-1438.ivf                                                      11
\\52.2.12.200\avc\original\AVC_MP\JVT\SL1_SVA_B.264                                                                               0
\\52.2.12.200\tho\original\cnm_clips_set1\Guillemot_theora_conversion_528x288.tho                     9



16 
 /cfg/AvcCfg/carphone_qcif_img.264_QP2_BF_58720256_GOP15_IR17_CR-8_DBK0_A-5_B+2_SR3_ZPMV_WIC500.cfg                  14
\\52.2.12.200\avc\original\AVC_MP\JVT\CABA2_SVA_B.264                                                                             0
/cfg/AvcCfg/akiyo_qcif_15fs_img.264_QP15_ID_2757_BF_58720256_GOP30_IR0_CR+8_DBK0_A-5_B-1_SR2_ZPMV_WIC700.cfg         14
\\52.2.12.200\avc\original\AVC_MP\JVT\CAMASL3_Sony_B.jsv                                                                          0
/cfg/AvcCfg/news_qcif_15fs_img.264_QP50_ID_6372_GOP15_IR34_CR-12_DBK2_A-2_B+2_SLICE_BIT8192_SR1_ZPMV_WIC900.cfg      14
\\52.2.12.200\avc\original\AVC_MP\JVT\CABA2_SVA_B.264                                                                             0
/cfg/AvcCfg/carphone_qcif_img.264_QP2_BF_58720256_GOP15_IR17_CR-8_DBK0_A-5_B+2_SR3_ZPMV_WIC500.cfg                   14
\\52.2.12.200\avc\original\AVC_MP\JVT\CVMAPAQP3_Sony_E.jsv                                                                        0
 /cfg/AvcCfg/claire_qcif_img.264_QP44_BF_75497472_GOP15_IR17_CR-11_DBK2_A+2_B+6_SR1_ZPMV_WIC400.cfg                  14
\\52.2.12.200\avc\original\AVC_BP\JVT\MR1_BT_A.264                                                                                0    
/cfg/AvcCfg/foreman_qcif_img.264_QP13_BF_92274688_GOP0_IR0_CR-8_DBK2_A+5_B-2_SR2_WIC400.cfg                          14
\\52.2.12.200\avc\original\AVC_BP\CNM\CnM_QCIF_FMO_RASTER.264                                                                     0        
 /cfg/AvcCfg/carphone_qcif_img.264_QP2_BF_58720256_GOP15_IR17_CR-8_DBK0_A-5_B+2_SR3_ZPMV_WIC500.cfg                  14
\\52.2.12.200\avc\original\AVC_HP\JVT\freh5.264                                                                                   0 
/cfg/AvcCfg/coastguard_qcif_15fs_img.264_QP35_BF_83886080_GOP30_IR17_CR-10_DBK1_A+0_B+0_SLICE_BIT512_SR0_ZPMV.cfg    14
\\52.2.12.200\avc\original\AVC_HP\JVT\HVLCMFF0_Sony_B.264                                                                         0

16
\\52.2.12.200\vp8\original\customer\fsl_vp8_test_clips_set1\crew_qvga_twopass.vp8                  11              
\\52.2.12.200\vc1\original\smpte-vc1\ssl0023.rcv                                                    1
\\52.2.12.200\vp8\original\customer\fsl_vp8_test_clips_set1\crew_704x480_twopass.vp8               11 
\\52.2.12.200\rv\original/RAW\bus_s_2426.rv9                                                        6
\\52.2.12.200\vc1\original\smpte-vc1\sa10097.vc1                                                    1
\\52.2.12.200\rv\original/RAW\bus_s_2426.rv9                                                        6
\\52.2.12.200\vc1\original\smpte-vc1\sa10097.vc1                                                    1
\\52.2.12.200\vp8\original\vp8-test-vectors-0.9.2\vp80-01-intra-1417.ivf                           11 
\\52.2.12.200\rv\original/RAW\bus_s_2426.rv9                                                        6
\\52.2.12.200\vc1\original\smpte-vc1\sa10097.vc1                                                    1
\\52.2.12.200\rv\original/RVF\5min_RV300_176x144_15fps_30kb_cook0_CBR.rvf                           6
\\52.2.12.200\vp8\original\vp8-test-vectors-0.9.2\vp80-01-intra-1417.ivf                           11 
\\52.2.12.200\vc1\original\art6vc1sd\art6vc1sd080.rcv                                               1
\\52.2.12.200\rv\original/RVF\5min_RV300_176x144_15fps_30kb_cook0_CBR.rvf                           6
\\52.2.12.200\vc1\original\art6vc1sd\art6vc1sd080.rcv                                               1
\\52.2.12.200\vp8\original\vp8-test-vectors-0.9.2\vp80-03-segmentation-1408.ivf                    11

16
\\52.2.12.200\mp2\original\Berkely\Mpeg2\conf2.bits.mpeg                                           2
\\52.2.12.200\avc\original\ALLEGRO_0807\ALLEGRO_MP\Allegro_BdWidth_CABAC_05_L41_5x6_10.1.26l       0
\\52.2.12.200\mp4\original\SP\ISO\Overall\hit016.m4v                                               3
\\52.2.12.200\mp4\original\DivX3\divx311_320x240.clipped.avi                                       5
\\52.2.12.200\mp2\original\Berkely\Mpeg2\hhi_v1.mpeg                                               2
\\52.2.12.200\mp4\original\SP\ISO\Overall\hit021.m4v                                               3
\\52.2.12.200\avc\original\ALLEGRO_0807\ALLEGRO_HP\Allegro_Inter_CABAC_H01_L30_SD480_10.5.26l      0
\\52.2.12.200\mp2\original\Berkely\Mpeg2\tcela-15.bits.mpeg                                        2
\\52.2.12.200\avc\original\ALLEGRO_0807\ALLEGRO_BP\Allegro_SMALLRES_CAVLC_B00_L22_CIF_10.0.26l     0
\\52.2.12.200\mp4\original\SP\H263P\cnm\akiyo_qcif_ptype_00.263                                    3
\\52.2.12.200\mp2\original\Berkely\Mpeg2\toshiba_DPall-0.mpg                                       2
\\52.2.12.200\mp4\original\SORENSON_SPARK\are_you_ready_video.FLV1                                 3
\\52.2.12.200\mp4\original\DivX3\divx311_320x240_10k_01.clipped.avi                                5
\\52.2.12.200\mp2\original\Berkely\Mpeg2\hhi_v1.mpeg                                               2
\\52.2.12.200\avc\original\AVC_HP\ALLEGRO\Allegro_Intra_CAVLC_H00_L30_SD576_10.1.26l               0
\\52.2.12.200\avc\original\AVC_BP\JVT\NRF_MW_E.264                                                 0

16
\\52.2.12.200\mp4\original\XviD\AeonFlux_xvid_0_video.cmp                                                                                                  3
/cfg/Mp4Cfg/akiyo_qcif_15fs_img.264_263_J_K_RC3864_ID0_BF0_GOP24_IR18_SR3_ZMV_WIC700_RCIM2_RCMI9.cfg                                          13
\\52.2.12.200\mp4\original\SP\CONCEAL\COASTGUARD_QCIF_NO_ERR.m4v                                                                                           3
/cfg/Mp4Cfg/akiyo_qcif_15fs_img.264_MP4_VER2_THR4_RVLC_QP21_ID1891_BF5505024_GOP4_IR27_SLICE_MB1_SR0_ZMV_WIC100_RCIM0_RCMI2.cfg
              12
\\52.2.12.200\mp4\original\SorensonSpark\unofficial\westcoastswing_video.flv                                                                               3
/cfg/Mp4Cfg/claire_qcif_img.264_263_J_K_QP30_ID2295_BF0_GOP5_IR3_SLICE_MB1_SR3_ZMV_WIC100_GM0_RCIM0_RCMI9.cfg
                                13
\\52.2.12.200\mp4\original\M4IF\a1ge2_ace_L1.bits                                                                                                          3
/cfg/Mp4Cfg/news_qcif_15fs_img.264_MP4_VER2_THR6_QP25_ID0_BF8716288_GOP30_IR30_CIQ27_HEC_SR3_ZMV_RCMQ27_RCIM3_RCMI7.cfg
                      12
\\52.2.12.200\mp4\original\SorensonSpark\unofficial\jordan_video.flv                                                                                       3
/cfg/Mp4Cfg/carphone_qcif_img.264_263_K_T_RC3912_ID486_BF5963776_GOP51_IR51_CIQ24_SR3_ZMV_WIC800_GM26208_RCIM3_RCMI2.cfg
                     13 
\\52.2.12.200\mp4\original\ASP\GMC\GE-6-L1.cmp                                                                                                             3
/cfg/Mp4Cfg/claire_qcif_img.264_263_K_T_RC3864_ID0_BF9175040_GOP31_IR23_SLICE_BIT8192_SR3_ZMV_WIC500_RCMQ15_RCIM1_RCMI9.cfg
                  13
\\52.2.12.200\mp4\original\SP\CNM_ERR\COASTGUARD_QCIF_NO_ERR.m4v                                                                                           3
/cfg/Mp4Cfg/coastguard_qcif_15fs_img.264_MP4_VER2_THR1_DP_DP_RC3936_ID0_BF6881280_GOP5_IR39_SLICE_MB1_SR1_ZMV_WIC800_RCMQ10_RCIM3_RCMI4.cfg
  12
\\52.2.12.200\mp4\original\XviD\AeonFlux_xvid_1_video.cmp                                                                                                  3
/cfg/Mp4Cfg/news_qcif_15fs_img.264_263_J_RC3984_ID6599_BF0_GOP22_IR4_HEC_SR3_ZMV_WIC100_RCMQ17_RCIM3_RCMI9.cfg
                               13

16
\\52.2.12.200\mp4\original\XviD\AeonFlux_xvid_0_video.cmp                       3
\\52.2.12.200\mp4\original\SP\CONCEAL\COASTGUARD_QCIF_NO_ERR.m4v                3
\\52.2.12.200\mp4\original\SorensonSpark\unofficial\westcoastswing_video.flv    3
\\52.2.12.200\mp4\original\M4IF\a1ge2_ace_L1.bits                               3
\\52.2.12.200\mp4\original\SorensonSpark\unofficial\jordan_video.flv            3
\\52.2.12.200\mp4\original\ASP\GMC\GE-6-L1.cmp                                  3
\\52.2.12.200\mp4\original\SP\CNM_ERR\COASTGUARD_QCIF_NO_ERR.m4v                3
\\52.2.12.200\mp4\original\XviD\AeonFlux_xvid_1_video.cmp                       3
\\52.2.12.200\mp4\original\XviD\ShadowlessSword_xvid_video.cmp                  3
\\52.2.12.200\mp4\original\SorensonSpark\unofficial\Fashion_video.flv           3
\\52.2.12.200\mp4\original\ASP\GMC\A1GE-14-L2.cmp                               3
\\52.2.12.200\mp4\original\ASP\GMC\A1GE-05-L1_no_mcsel.cmp                      3
\\52.2.12.200\mp4\original\SorensonSpark\unofficial\are_you_ready_video.flv     3
\\52.2.12.200\mp4\original\ASP\GMC\A1GE-14-L3.cmp                               3
\\52.2.12.200\mp4\original\XviD\Qpel\b02_Xvid_smpte720x480_40QB0_video.cmp      3
\\52.2.12.200\mp4\original\XviD\RunningWild_xvid_video.cmp                      3

16
\\52.2.12.200\vp8\original/vp8-test-vectors-r1/vp80-00-comprehensive-001.ivf      11
\\52.2.12.200\rv\original/RAW/akiyo_q_Q12.rv9                                     6
\\52.2.12.200\vc1\original/artificial6/art6vc1sd055.rcv                           1
\\52.2.12.200\vp8\original/vp8-test-vectors-0.9.2/vp80-02-inter-1402.ivf          11
\\52.2.12.200\vc1\original/art7vc1mp/art7vc1mp070.rcv                             1    
\\52.2.12.200\rv\original/RAW/carphone.bit                                        6
\\52.2.12.200\vc1\original/art7vc1ap/art7vc1ap013.vc1                             1
\\52.2.12.200\rv\original/RAW8/akiyo_q_rv8_30kbps.raw                             6
\\52.2.12.200\vp8\original/vp8-test-vectors-0.9.2/vp80-03-segmentation-1401.ivf   11
\\52.2.12.200\vc1\original/artificial7/art7vc1ap002.vc1                           1
\\52.2.12.200\rv\original/RAW8/tckrv8_3.rv8                                       6
\\52.2.12.200\vp8\original/vp8-test-vectors-0.9.2/vp80-05-sharpness-1434.ivf      11
\\52.2.12.200\vp8\original/vp8-test-vectors-0.9.2/vp80-04-partitions-1404.ivf     11
\\52.2.12.200\rv\original/RAW/bus_s_2426.rv9                                      6
\\52.2.12.200\vc1\original/smpte-vc1/sa00051.vc1                                  1
\\52.2.12.200\vc1\original/art6vc1sd/art6vc1sd023.rcv                             1

16
\\52.2.12.200\mp2\original\Berkely\Mpeg2\att.mpeg                                 2
\\52.2.12.200\avc\original\AVC_MP\JVT\SL1_SVA_B.264                               0
\\52.2.12.200\mp4\original\SP\ISO\Overall\hit016.m4v                              3
\\52.2.12.200\mp4\original\DivX3\divx311_176x144_10k_01.avi                       5
\\52.2.12.200\avs\original\cnm\salesman_qcif.avs                                  7
\\52.2.12.200\mp4\original\DivX3\divx311_320x240.clipped.avi                      5
\\52.2.12.200\mp2\original\Berkely\Mpeg2\syncho.bin.1.m2v                         2
\\52.2.12.200\mp4\original\SP\ISO\Overall\hit021.m4v                              3
\\52.2.12.200\avc\original\AVC_MP\JVT\CAMASL3_Sony_B.jsv                          0
\\52.2.12.200\avc\original\AVC_HP\JVT\HPCAFL_BRCM_C.264                           0
\\52.2.12.200\mp4\original\DivX3\divx311_320x240_10k_01.avi                       5
\\52.2.12.200\mp4\original\SP\H263P\cnm\akiyo_qcif_ptype_00.263                   3
\\52.2.12.200\avs\original\cnm\akiyo_qcif_frame.avs                               7
\\52.2.12.200\mp4\original\SORENSON_SPARK\are_you_ready_video.FLV1                3
\\52.2.12.200\mp4\original\DivX3\divx311_320x240_10k_01.clipped.avi               5
\\52.2.12.200\avc\original\AVC_BP\JVT\FM1_BT_B.h264                               0

16
\\52.2.12.200\mp2\original\Berkely\Mpeg2\syncho.bin.1.m2v                         2
\\52.2.12.200\mp4\original\DivX3\divx311_176x144_10k_01.avi                       5
\\52.2.12.200\mp2\original\Berkely\Mpeg2\syncho.bin.1.m2v                         2
\\52.2.12.200\mp2\original\Berkely\Mpeg2\syncho.bin.1.m2v                         2
\\52.2.12.200\avc\original\AVC_MP\JVT\SL1_SVA_B.264                               0
\\52.2.12.200\mp2\original\Berkely\Mpeg2\syncho.bin.1.m2v                         2
\\52.2.12.200\mp4\original\SP\ISO\Overall\hit016.m4v                              3
\\52.2.12.200\mp2\original\Berkely\Mpeg2\att.mpeg                                 2
\\52.2.12.200\avc\original\AVC_MP\JVT\SL1_SVA_B.264                               0
\\52.2.12.200\mp4\original\SP\ISO\Overall\hit016.m4v                              3
\\52.2.12.200\mp4\original\DivX3\divx311_176x144_10k_01.avi                       5
\\52.2.12.200\avs\original\cnm\16_16_fr_9.avs                                     7
\\52.2.12.200\avs\original\cnm\salesman_qcif.avs                                  7
\\52.2.12.200\mp2\original\Berkely\Mpeg2\syncho.bin.1.m2v                         2
\\52.2.12.200\mp4\original\SP\ISO\Overall\hit021.m4v                              3
\\52.2.12.200\avc\original\AVC_MP\JVT\CAMASL3_Sony_B.jsv                          0

16
\\52.2.12.200\vp8\original\vp8-test-vectors-r1\vp80-00-comprehensive-009.ivf                       11      
\\52.2.12.200\vp8\original\vp8-test-vectors-0.9.2\vp80-01-intra-1400.ivf                           11                    
\\52.2.12.200\vp8\original\vp8-test-vectors-0.9.2\vp80-05-sharpness-1438.ivf                       11     
\\52.2.12.200\vp8\original\video-clip\youtube_clips\Cubic_Synthetic_854x480.ivf                    11        
\\52.2.12.200\vp8\original\vp8-test-vectors-0.9.2\vp80-05-sharpness-1434.ivf                       11     
\\52.2.12.200\vp8\original\customer\fsl_vp8_test_clips_set1\crew_qvga_twopass.vp8                  11              
\\52.2.12.200\vp8\original\vp8-test-vectors-0.9.2\vp80-03-segmentation-1410.ivf                    11         
\\52.2.12.200\vp8\original\vp8-test-vectors-0.9.2\vp80-01-intra-1411.ivf                           11 
\\52.2.12.200\vp8\original\vp8-test-vectors-0.9.2\vp80-01-intra-1417.ivf                           11 
\\52.2.12.200\vp8\original\customer\fsl_vp8_test_clips_set1\crew_704x480_twopass.vp8               11 
\\52.2.12.200\vp8\original\vp8-test-vectors-0.9.2\vp80-03-segmentation-1408.ivf                    11
\\52.2.12.200\vp8\original\vp8-test-vectors-0.9.2\vp80-03-segmentation-1409.ivf                    11                
\\52.2.12.200\vp8\original\vp8-test-vectors-0.9.2\vp80-03-segmentation-1413.ivf                    11
\\52.2.12.200\vp8\original\vp8-test-vectors-r1\vp80-00-comprehensive-009.ivf                       11
\\52.2.12.200\vp8\original\vp8-test-vectors-0.9.2\vp80-01-intra-1416.ivf                           11
\\52.2.12.200\vp8\original\video-clip\youtube_clips\Sunflower_x264_to_WebM_640x360.ivf             11

16
\\52.2.12.200\vc1\original\art7vc1mp\art7vc1mp007.rcv                                       1
\\52.2.12.200\vc1\original\stress\stress14.vc1                                              1
\\52.2.12.200\vc1\original\art7vc1mp\art7vc1mp087.rcv                                       1
\\52.2.12.200\vc1\original\art6vc1sd\art6vc1sd053.rcv                                       1
\\52.2.12.200\vc1\original\art7vc1ap\art7vc1ap015.vc1                                       1
\\52.2.12.200\vc1\original\art7vc1ap\art7vc1ap048.vc1                                       1
\\52.2.12.200\vc1\original\smpte-vc1\ssl0023.rcv                                            1
\\52.2.12.200\vc1\original\smpte-vc1\sa10097.vc1                                            1
\\52.2.12.200\vc1\original\stress\stress03.vc1                                              1
\\52.2.12.200\vc1\original\art6vc1sd\art6vc1sd080.rcv                                       1
\\52.2.12.200\vc1\original\art7vc1ap\art7vc1ap038.vc1                                       1
\\52.2.12.200\vc1\original\art6vc1sd\art6vc1sd008.rcv                                       1
\\52.2.12.200\vc1\original\conf-wmv9\msl0015.rcv                                            1
\\52.2.12.200\vc1\original\smpte-vc1\sa00052.vc1                                            1
\\52.2.12.200\vc1\original\art7vc1mp\art7vc1mp039.rcv                                       1
\\52.2.12.200\vc1\original\art7vc1ap\art7vc1ap005.vc1                                       1

16
\\52.2.12.200\vc1\original\smpte-vc1\sa00044.vc1                                            1
\\52.2.12.200\vc1\original\art6vc1sd\art6vc1sd008.rcv                                       1
\\52.2.12.200\vc1\original\conf-wmv9\mmh0179.rcv                                            1
\\52.2.12.200\vc1\original\art6vc1sd\art6vc1sd033.rcv                                       1
\\52.2.12.200\vc1\original\art7vc1ap\art7vc1ap015.vc1                                       1
\\52.2.12.200\vc1\original\conf-vc1\sa00049.vc1                                             1
\\52.2.12.200\vc1\original\conf-wmv9\ma20109.vc1                                            1
\\52.2.12.200\vc1\original\art6vc1sd\art6vc1sd101.rcv                                       1
\\52.2.12.200\vc1\original\art7vc1ap\art7vc1ap005.vc1                                       1
\\52.2.12.200\vc1\original\art7vc1mp\art7vc1mp087.rcv                                       1
\\52.2.12.200\vc1\original\conf-vc1\ssl0018.rcv                                             1
\\52.2.12.200\vc1\original\art7vc1ap\art7vc1ap030.vc1                                       1
\\52.2.12.200\vc1\original\smpte-vc1\sa00052.vc1                                            1
\\52.2.12.200\vc1\original\conf-wmv9\msl0015.rcv                                            1
\\52.2.12.200\vc1\original\conf-wmv9\ma00119.vc1                                            1
\\52.2.12.200\vc1\original\art7vc1ap\art7vc1ap073.vc1                                       1

16
\\52.2.12.200\rv\original/RVF\akiyo_c_29K_2pcbrs.rvf                                        6
\\52.2.12.200\rv\original/RAW\claire.bit                                                    6
\\52.2.12.200\rv\original/RVF\CarRacing_16_10_rv10.rvf                                      6
\\52.2.12.200\rv\original/RAW/akiyo_q_Q12.rv9                                               6
\\52.2.12.200\rv\original/RVF\5min_RV300_176x144_15fps_30kb_cook0_CBR.rvf                   6
\\52.2.12.200\rv\original/RAW8\tckrv8_4_3.rv8                                               6
\\52.2.12.200\rv\original/RAW\bus_s_2426.rv9                                                6
\\52.2.12.200\rv\original/RAW\miss_am.bit                                                   6
\\52.2.12.200\rv\original/RVF\hotel_california_ra5.1_640x480.rvf                            6
\\52.2.12.200\rv\original/RAW8\akiyo_q_rv8_30kbps.raw                                       6
\\52.2.12.200\rv\original/RAW\fqcifQ10B3.rv9                                                6
\\52.2.12.200\rv\original/RAW\mthr_dotr.bit                                                 6
\\52.2.12.200\rv\original/rawStream\air128x64.rv9                                           6
\\52.2.12.200\rv\original/RAW\carphone.bit                                                  6
\\52.2.12.200\rv\original/RAW\grandma.bit                                                   6
\\52.2.12.200\rv\original/RAW8\tckrv8_4_2.rv8                                               6

16
\\52.2.12.200\rv\original/rawStream\air64x64.rv9                                            6
\\52.2.12.200\rv\original/RAW8\tckrv8_4_4.rv8                                               6
\\52.2.12.200\rv\original/rawStream\air32x32.rv9                                            6
\\52.2.12.200\rv\original/RAW\bus_s_2426.rv9                                                6
\\52.2.12.200\rv\original/rawStream\air128x64.rv9                                           6
\\52.2.12.200\rv\original/RAW/akiyo_q_Q12.rv9                                               6
\\52.2.12.200\rv\original/RAW8\akiyo_q_rv8_30kbps.raw                                       6
\\52.2.12.200\rv\original/RAW\fqcifQ10B3.rv9                                                6
\\52.2.12.200\rv\original/RAW\mthr_dotr.bit                                                 6
\\52.2.12.200\rv\original/RAW\salesman.bit                                                  6
\\52.2.12.200\rv\original/RAW8\tckrv8_4_2.rv8                                               6
\\52.2.12.200\rv\original/RAW\tckrv9_1.rv9                                                  6
\\52.2.12.200\rv\original/RAW\tckrv9_4_4.rv9                                                6
\\52.2.12.200\rv\original/RAW\trevor.bit                                                    6
\\52.2.12.200\rv\original/RM\drift_away_kracker_450k_480x.rvf                               6
\\52.2.12.200\rv\original/RAW\suzie.bit                                                     6

16                                                                                 
\\52.2.12.200\avs\original\commercial\01_Tsinghua_6.0_field.avs                             7
\\52.2.12.200\avs\original\commercial\09_zju_0_0_4.0_727.avs                                7
\\52.2.12.200\avs\original\cnm\32_32_frame_5.avs                                            7
\\52.2.12.200\avs\original\avs_official_released_streams_2009\03_Tsinghua_2_1_4.0field.avs  7
\\52.2.12.200\avs\original\default\15_kangte_0_0_4.0.avs                                    7
\\52.2.12.200\avs\original\default\01_cesi_step5_4.0_field.avs                              7
\\52.2.12.200\avs\original\cnm\coastguard_qcif_frame_wp.avs                                 7
\\52.2.12.200\avs\original\default\15_kangte_0_0_2.0.avs                                    7
\\52.2.12.200\avs\original\cnm\akiyo_qcif_field.avs                                         7
\\52.2.12.200\avs\original\avs_official_released_streams_2009\02_cesi_2.0.avs               7
\\52.2.12.200\avs\original\default\15_tju_frame_6.0.avs                                     7
\\52.2.12.200\avs\original\commercial\20_Tsinghua_frm_6.0.avs                               7
\\52.2.12.200\avs\original\avs_official_released_streams_2009\20_NSCC_0_0_4.0.avs           7
\\52.2.12.200\avs\original\avs_official_released_streams_2009\24_kangte_0_0_4.0.avs         7
\\52.2.12.200\avs\original\cnm\akiyo_cif_frame.avs                                          7
\\52.2.12.200\avs\original\cnm\collage_cif_field_wp.avs                                     7

16               
\\52.2.12.200\mp4\original\DivX3\divx311_176x144_10k_01.avi                                 5                           
\\52.2.12.200\mp4\original\DivX3\divx311_320x240_10k_01.avi                                 5 
\\52.2.12.200\mp4\original\DivX3\divx311_352x240.avi                                        5 
\\52.2.12.200\mp4\original\DivX3\c03_484x264_divx311_1mbps_mp3.avi                          5 
\\52.2.12.200\mp4\original\DivX\DivX4\divx412_484x264_video.cmp                             3
\\52.2.12.200\mp4\original\DivX3\15Min_01.00.avi                                            5
\\52.2.12.200\mp4\original\DivX3\a06_divx311fast_640x304_870kbps_mp3_44khz_vbr128.avi       5
\\52.2.12.200\mp4\original\DivX3\b01_divx1_smpte_720x480_311fast_prog_2mbps.avi             5
\\52.2.12.200\mp4\original\DivX3\15Min_02.00.avi                                            5
\\52.2.12.200\mp4\original\DivX3\divx311_320x240.avi                                        5
\\52.2.12.200\mp4\original\DivX3\divx311_720x480.avi                                        5
\\52.2.12.200\mp4\original\DivX3\c09_320x240_divx311_mp3.avi                                5
\\52.2.12.200\mp4\original\DivX3\c15_Spy_flying_divx311_640x352_2mbps_mp3_48khz_cbr320.avi  5
\\52.2.12.200\mp4\original\DivX3\Test_Div3-2.avi	                                          5
\\52.2.12.200\mp4\original\DivX3\a05_divx311fast_640x304_870kbps_mp3_44khz_cbr128.avi       5
\\52.2.12.200\mp4\original\DivX\divx_certify\c04_484x264_divx412_1mbps_mp3_video.cmp        3

16
\\52.2.12.200\mp4\original\XviD\AeonFlux_xvid_0_video.cmp                       3
\\52.2.12.200\mp4\original\SP\CONCEAL\COASTGUARD_QCIF_NO_ERR.m4v                3
\\52.2.12.200\mp4\original\SorensonSpark\unofficial\westcoastswing_video.flv    3
\\52.2.12.200\mp4\original\M4IF\a1ge2_ace_L1.bits                               3
\\52.2.12.200\mp4\original\SorensonSpark\unofficial\jordan_video.flv            3
\\52.2.12.200\mp4\original\ASP\GMC\GE-6-L1.cmp                                  3
\\52.2.12.200\mp4\original\SP\CNM_ERR\COASTGUARD_QCIF_NO_ERR.m4v                3
\\52.2.12.200\mp4\original\XviD\AeonFlux_xvid_1_video.cmp                       3
\\52.2.12.200\mp4\original\XviD\ShadowlessSword_xvid_video.cmp                  3
\\52.2.12.200\mp4\original\SorensonSpark\unofficial\Fashion_video.flv           3
\\52.2.12.200\mp4\original\ASP\GMC\A1GE-14-L2.cmp                               3
\\52.2.12.200\mp4\original\ASP\GMC\A1GE-05-L1_no_mcsel.cmp                      3
\\52.2.12.200\mp4\original\SorensonSpark\unofficial\are_you_ready_video.flv     3
\\52.2.12.200\mp4\original\ASP\GMC\A1GE-14-L3.cmp                               3
\\52.2.12.200\mp4\original\XviD\Qpel\b02_Xvid_smpte720x480_40QB0_video.cmp      3
\\52.2.12.200\mp4\original\XviD\RunningWild_xvid_video.cmp                      3

16
\\52.2.12.200\mp4\original\SP\ISO\I-VOP\jvc000.m4v                               3
\\52.2.12.200\mp4\original\SP\CNM\CnM_QCIF_RANDOM_DC_THR.m4v                     3
\\52.2.12.200\mp4\original\M4IF\vcon-a1os8.bits                                  3
\\52.2.12.200\mp4\original\SP\H263P\cnm\POR_VGA_IJT.263                          3
\\52.2.12.200\mp4\original\SP\H263P\cnm\RAND_IMG_I_J_T_RESYNC.263                3
\\52.2.12.200\mp4\original\ASP\GMC\A1GE-05-L1_no_mcsel.cmp                       3
\\52.2.12.200\mp4\original\M4IF\vcon_a1ge_1_ace_l1.bits                          3
\\52.2.12.200\mp4\original\SP\ISO\Misc\M4V20052-001.m4v                          3
\\52.2.12.200\mp4\original\SP\ISO\conformance_1\vcon-scs3.bits                   3
\\52.2.12.200\mp4\original\SP\CNM_ERR\RAND_DP_LONG.m4v                           3
\\52.2.12.200\mp4\original\SP\CONCEAL\FOREMAN_QCIF_NO_ERR.m4v                    3
\\52.2.12.200\mp4\original\SP\ISO\Error\hit030.m4v                               3
\\52.2.12.200\mp4\original\SP\ISO\Short\jvc024.m4v                               3
\\52.2.12.200\mp4\original\ASP\CnM_Qpel\Qpel_BVop_Interlace_cif.avi.m4v          3
\\52.2.12.200\mp4\original\SP\VCLIP\V10111_A_D-Space_MP4_SP_Hdr_vol_vbv_half.m4v 3
\\52.2.12.200\mp4\original\ASP\fm_vmmo_cif_000BI_100.cmp                         3
\\52.2.12.200\mp4\original\SP\ISO\Overall\hit022.m4v                             3

16                                                                   
\\52.2.12.200\mp2\original\Berkely\Mpeg2\att.mpeg                                 2
\\52.2.12.200\mp2\original\Sarnoff\SIF\MPEG2\BR09000K.MPG                         2
\\52.2.12.200\mp2\original\Berkely\Mpeg2\bits_conf_lep_11.bits.mpeg               2
\\52.2.12.200\mp2\original\Berkely\Mpeg2\mei_2stream.4f.mpeg                      2
\\52.2.12.200\mp2\original\Sarnoff\SIF\MPEG1\BR100400.MPG                         2
\\52.2.12.200\mp2\original\Sarnoff\SIF\MPEG1\RPT_I.MPG
                           2
\\52.2.12.200\mp2\original\Tektronix\625\v700_080.m2v                             2
\\52.2.12.200\mp2\original\Sarnoff\SIF\MPEG2\MVS2_4.MPG                           2
\\52.2.12.200\mp2\original\Berkely\Mpeg2\TI_c1_2.bits.mpeg                        2
\\52.2.12.200\mp2\original\Berkely\Mpeg2\bit_stream2.mpeg                         2
\\52.2.12.200\mp2\original\Berkely\Mpeg2\mcp10ccett.bits.mpeg                     2
\\52.2.12.200\mp2\original\Tektronix\525\mobl_040.m2v                             2
\\52.2.12.200\mp2\original\etc\Somerset\att_32x32.mpg                             2
\\52.2.12.200\mp2\original\HD\ATSC-Test\dsrc4\MVS2_3.MPG                          2
\\52.2.12.200\mp2\original\Berkely\Mpeg2\att.mpeg                                 2
\\52.2.12.200\mp2\original\Berkely\Mpeg2\sony-ct1.mpeg                            2

16                                                                                        
\\52.2.12.200\avc\original\ALLEGRO_0807\ALLEGRO_BP\Allegro_PROCESSING_CAVLC_B01_L30_5x6@25Hz_10.0.26l	 0 
\\52.2.12.200\avc\original\AVC_HP\ALLEGRO\Allegro_SmallRes_CABAC_H00_SR_10.2.26l                       0 
\\52.2.12.200\avc\original\AVC_MP\ALLEGRO\Allegro_FUNNY_B_00_5x6_10.2.26l                              0
\\52.2.12.200\avc\original\AVC_BP\ALLEGRO\Allegro_Intra_CAVLC_B02_L30_5x6_6.1.26l	                     0 
\\52.2.12.200\avc\original\AVC_MP\ALLEGRO\Allegro_SMALLRES_CABAC_00_L22_CIF_10.2.26l                   0 
\\52.2.12.200\avc\original\ALLEGRO_0807\ALLEGRO_BP\Allegro_SEI_CAVLC_B00_L30_SD576@25Hz_10.2.26l       0 
\\52.2.12.200\avc\original\ALLEGRO_0807\ALLEGRO_MP\Allegro_MMCO_CABAC_01_5x6_10.3.26l                  0 
\\52.2.12.200\avc\original\AVC_BP\ALLEGRO\Allegro_Reordering_CAVLC_B00_L30_5x6_6.1.26l			           0 
\\52.2.12.200\avc\original\AVC_MP\ALLEGRO\Allegro_Intra_CAVLC_05_5x6_10.1.26l							             0
\\52.2.12.200\avc\original\AVC_HP\ALLEGRO\Allegro_Combined_CAVLC_H02_L41_5x6_10.0.26l				           0 
\\52.2.12.200\avc\original\ALLEGRO_0807\ALLEGRO_MP\Allegro_BdWidth_CABAC_05_L41_5x6_10.1.26l           0 
\\52.2.12.200\avc\original\ALLEGRO_0807\ALLEGRO_HP\Allegro_Inter_CABAC_H01_L30_SD480_10.5.26l          0 
\\52.2.12.200\avc\original\AVC_MP\ALLEGRO\Allegro_Combined_CABAC_00_L41_5x6_10.0.26l                   0 
\\52.2.12.200\avc\original\AVC_BP\ALLEGRO\Allegro_LOOP_RESIDUAL_CAVLC_B01_L30_SD576_6.1.26l            0 
\\52.2.12.200\avc\original\AVC_HP\ALLEGRO\Allegro_SmallRes_CAVLC_H00_L21_SR_10.2.26l	                 0 
\\52.2.12.200\avc\original\AVC_BP\CNM\CnM_QCIF_FMO_RASTER.264                                          0

16                                                                                        
\\52.2.12.200\avc\original\ALLEGRO_0807\ALLEGRO_BP\Allegro_PROCESSING_CAVLC_B01_L30_5x6@25Hz_10.0.26l	 0 
\\52.2.12.200\avc\original\ALLEGRO_0807\ALLEGRO_HP\Allegro_Inter_CABAC_H01_L30_SD480_10.5.26l          0 
\\52.2.12.200\avc\original\ALLEGRO_0807\ALLEGRO_MP\Allegro_BdWidth_CABAC_05_L41_5x6_10.1.26l           0 
\\52.2.12.200\avc\original\ALLEGRO_0807\ALLEGRO_BP\Allegro_SEI_CAVLC_B00_L30_SD576@25Hz_10.2.26l       0 
\\52.2.12.200\avc\original\ALLEGRO_0807\ALLEGRO_MP\Allegro_MMCO_CABAC_01_5x6_10.3.26l                  0 
\\52.2.12.200\avc\original\AVC_BP\CNM\CnM_QCIF_FMO_RASTER.264                                          0
\\52.2.12.200\avc\original\AVC_MP\ALLEGRO\Allegro_FUNNY_B_00_5x6_10.2.26l                              0
\\52.2.12.200\avc\original\AVC_BP\ALLEGRO\Allegro_Intra_CAVLC_B02_L30_5x6_6.1.26l	                     0 
\\52.2.12.200\avc\original\AVC_MP\ALLEGRO\Allegro_Combined_CABAC_00_L41_5x6_10.0.26l                   0 
\\52.2.12.200\avc\original\AVC_BP\ALLEGRO\Allegro_LOOP_RESIDUAL_CAVLC_B01_L30_SD576_6.1.26l            0 
\\52.2.12.200\avc\original\AVC_HP\ALLEGRO\Allegro_SmallRes_CAVLC_H00_L21_SR_10.2.26l	                 0 
\\52.2.12.200\avc\original\AVC_MP\ALLEGRO\Allegro_SMALLRES_CABAC_00_L22_CIF_10.2.26l                   0 
\\52.2.12.200\avc\original\AVC_HP\ALLEGRO\Allegro_SmallRes_CABAC_H00_SR_10.2.26l                       0 
\\52.2.12.200\avc\original\AVC_HP\ALLEGRO\Allegro_Combined_CAVLC_H02_L41_5x6_10.0.26l				           0 
\\52.2.12.200\avc\original\AVC_BP\ALLEGRO\Allegro_Reordering_CAVLC_B00_L30_5x6_6.1.26l			           0 
\\52.2.12.200\avc\original\AVC_MP\ALLEGRO\Allegro_Intra_CAVLC_05_5x6_10.1.26l							             0 

16
\\52.2.12.200\vp8\original/vp8-test-vectors-r1/vp80-00-comprehensive-001.ivf      11
\\52.2.12.200\rv\original/RAW/akiyo_q_Q12.rv9                                     6
\\52.2.12.200\vc1\original/artificial6/art6vc1sd055.rcv                           1
\\52.2.12.200\vp8\original/vp8-test-vectors-0.9.2/vp80-02-inter-1402.ivf          11
\\52.2.12.200\vc1\original/art7vc1mp/art7vc1mp070.rcv                             1    
\\52.2.12.200\rv\original/RAW/carphone.bit                                        6
\\52.2.12.200\vc1\original/art7vc1ap/art7vc1ap013.vc1                             1
\\52.2.12.200\rv\original/RAW8/akiyo_q_rv8_30kbps.raw                             6
\\52.2.12.200\vp8\original/vp8-test-vectors-0.9.2/vp80-03-segmentation-1401.ivf   11
\\52.2.12.200\vc1\original/artificial7/art7vc1ap002.vc1                           1
\\52.2.12.200\rv\original/RAW8/tckrv8_3.rv8                                       6
\\52.2.12.200\vp8\original/vp8-test-vectors-0.9.2/vp80-05-sharpness-1434.ivf      11
\\52.2.12.200\vp8\original/vp8-test-vectors-0.9.2/vp80-04-partitions-1404.ivf     11
\\52.2.12.200\rv\original/RAW/bus_s_2426.rv9                                      6
\\52.2.12.200\vc1\original/smpte-vc1/sa00051.vc1                                  1
\\52.2.12.200\vc1\original/art6vc1sd/art6vc1sd023.rcv                             1

16
\\52.2.12.200\mp2\original\Berkely\Mpeg2\syncho.bin.1.m2v                         2
\\52.2.12.200\mp4\original\DivX3\divx311_176x144_10k_01.avi                       5
\\52.2.12.200\mp2\original\Berkely\Mpeg2\syncho.bin.1.m2v                         2
\\52.2.12.200\avs\original\cnm\collage_qcif_field_wp.avs                          7
\\52.2.12.200\mp2\original\Berkely\Mpeg2\syncho.bin.1.m2v                         2
\\52.2.12.200\avc\original\AVC_MP\JVT\SL1_SVA_B.264                               0
\\52.2.12.200\mp2\original\Berkely\Mpeg2\syncho.bin.1.m2v                         2
\\52.2.12.200\mp4\original\SP\ISO\Overall\hit016.m4v                              3
\\52.2.12.200\mp2\original\Berkely\Mpeg2\att.mpeg                                 2
\\52.2.12.200\avc\original\AVC_MP\JVT\SL1_SVA_B.264                               0
\\52.2.12.200\mp4\original\SP\ISO\Overall\hit016.m4v                              3
\\52.2.12.200\mp4\original\DivX3\divx311_176x144_10k_01.avi                       5
\\52.2.12.200\avs\original\cnm\16_16_fr_9.avs                                     7
\\52.2.12.200\avs\original\cnm\salesman_qcif.avs                                  7
\\52.2.12.200\mp4\original\DivX3\divx311_320x240.clipped.avi                      5
\\52.2.12.200\mp2\original\Berkely\Mpeg2\syncho.bin.1.m2v                         2
\\52.2.12.200\mp4\original\SP\ISO\Overall\hit021.m4v                              3
\\52.2.12.200\avc\original\AVC_MP\JVT\CAMASL3_Sony_B.jsv                          0

16
\\52.2.12.200\mp2\original\Berkely\Mpeg2\att.mpeg                                 2
\\52.2.12.200\avc\original\AVC_MP\JVT\SL1_SVA_B.264                               0
\\52.2.12.200\mp4\original\SP\ISO\Overall\hit016.m4v                              3
\\52.2.12.200\mp4\original\DivX3\divx311_176x144_10k_01.avi                       5
\\52.2.12.200\avs\original\cnm\16_16_fr_9.avs                                     7
\\52.2.12.200\avs\original\cnm\salesman_qcif.avs                                  7
\\52.2.12.200\mp4\original\DivX3\divx311_320x240.clipped.avi                      5
\\52.2.12.200\mp2\original\Berkely\Mpeg2\syncho.bin.1.m2v                         2
\\52.2.12.200\mp4\original\SP\ISO\Overall\hit021.m4v                              3
\\52.2.12.200\avc\original\AVC_MP\JVT\CAMASL3_Sony_B.jsv                          0
\\52.2.12.200\avc\original\AVC_HP\JVT\HPCAFL_BRCM_C.264                           0
\\52.2.12.200\mp4\original\DivX3\divx311_320x240_10k_01.avi                       5
\\52.2.12.200\mp4\original\SP\H263P\cnm\akiyo_qcif_ptype_00.263                   3
\\52.2.12.200\avs\original\cnm\akiyo_qcif_frame.avs                               7
\\52.2.12.200\avs\original\cnm\collage_qcif_field_wp.avs                          7
\\52.2.12.200\mp4\original\SORENSON_SPARK\are_you_ready_video.FLV1                3
\\52.2.12.200\mp4\original\DivX3\divx311_320x240_10k_01.clipped.avi               5
\\52.2.12.200\avc\original\AVC_BP\JVT\FM1_BT_B.h264                               0

4
\\52.2.12.200\mp4\original\DivX3\divx311_176x144_10k_01.avi                       5
\\52.2.12.200\mp4\original\DivX3\divx311_320x240.clipped.avi                      5
\\52.2.12.200\mp4\original\DivX3\divx311_320x240_10k_01.avi                       5
\\52.2.12.200\mp4\original\DivX3\divx311_320x240_10k_01.clipped.avi               5

4
\\52.2.12.200\mp4\original\SP\ISO\Overall\hit016.m4v                              3
\\52.2.12.200\mp4\original\SP\ISO\Overall\hit021.m4v                              3
\\52.2.12.200\mp4\original\SP\H263P\cnm\akiyo_qcif_ptype_00.263                   3
\\52.2.12.200\mp4\original\SORENSON_SPARK\are_you_ready_video.FLV1                3

4
\\52.2.12.200\mp2\original\Berkely\Mpeg2\att.mpeg                                 2
\\52.2.12.200\mp2\original\Berkely\Mpeg2\sony-ct1.mpeg                            2
\\52.2.12.200\mp2\original\Berkely\Mpeg2\syncho.bin.1.m2v                         2
\\52.2.12.200\mp2\original\Berkely\Mpeg2\gi_v3.mpeg                               2

4
\\52.2.12.200\avs\original\cnm\16_16_fr_9.avs                                     7
\\52.2.12.200\avs\original\cnm\salesman_qcif.avs                                  7
\\52.2.12.200\avs\original\cnm\akiyo_qcif_frame.avs                               7
\\52.2.12.200\avs\original\cnm\collage_qcif_field_wp.avs                          7

4
\\52.2.12.200\avc\original\AVC_HP\JVT\freh3.264                                     0
\\52.2.12.200\avc\original\AVC_HP\JVT\freh4.264                                     0
\\52.2.12.200\avc\original\AVC_HP\JVT\freh5.264                                     0
\\52.2.12.200\avc\original\AVC_HP\JVT\freh6.264                                     0


4
\\52.2.12.200\avc\original\AVC_HP\JVT\freh3.264                                     0
\\52.2.12.200\mp2\original\Berkely\Mpeg2\sony-ct1.mpeg                              2
\\52.2.12.200\mp4\original\DivX3\divx311_176x144_10k_01.avi                         5
\\52.2.12.200\mp4\original\ASP\news_vmmo_cif_00QBI.cmp                              3
4
\\52.2.12.200\mp2\original\Berkely\Mpeg2\sony-ct1.mpeg                              2
\\52.2.12.200\avc\original\AVC_HP\JVT\freh3.264                                     0
\\52.2.12.200\mp4\original\ASP\news_vmmo_cif_00QBI.cmp                              3
\\52.2.12.200\mp4\original\DivX3\divx311_176x144_10k_01.avi                         5

\\52.2.12.200\vp8\original\vp8-test-vectors-r1\vp80-00-comprehensive-009.ivf        11
\\52.2.12.200\rv\original\rawStream\foreman.bit                                     6
\\52.2.12.200\vc1\original\smpte-vc1\sa00044.vc1                                    1

\\52.2.12.200\vp8\original\vp8-test-vectors-0.9.2\vp80-01-intra-1400.ivf       11
\\52.2.12.200\mp2\original\Berkely\Mpeg2\sony-ct1.mpeg                              2
\\52.2.12.200\avc\original\AVC_HP\JVT\freh3.264                                     0
\\52.2.12.200\mp4\original\ASP\news_vmmo_cif_00QBI.cmp                              3
\\52.2.12.200\mp4\original\DivX3\divx311_176x144_10k_01.avi                         5
\\52.2.12.200\avs\original\jizhun_2009\01_cesi_4.0_field.avs                        7




// in vpurun.h multi mode index 
enum {
	STD_AVC_DEC = 0,
	STD_VC1_DEC,
	STD_MP2_DEC,
	STD_MP4_DEC,
	STD_H263_DEC,
	STD_DV3_DEC,
	STD_RVx_DEC,
	STD_AVS_DEC,
#ifdef SUPPORT_JPEG
	STD_JPG_DEC,
#endif
	STD_THO_DEC,
	STD_VP3_DEC,
	STD_VP8_DEC,
	STD_MP4_ENC,
	STD_H263_ENC,
	STD_AVC_ENC
#ifdef SUPPORT_JPEG
	,
	STD_JPG_ENC
#endif
};